// Jest Snapshot v1, https://goo.gl/fbAQLP

exports[`Modal Component 1`] = `"<div class=\\"\\"><div></div><div><header><h1></h1></header><p>1</p><footer><button variant=\\"link\\" class=\\"\\">Cancel</button><footer>Footer</footer></footer></div></div>"`;
