// Jest Snapshot v1, https://goo.gl/fbAQLP

exports[`Button Component with children 1`] = `"<button class=\\"\\">Submit</button>"`;
